
> blueera-admin-panel-react@1.0.0 test
> vitest


[1m[44m DEV [49m[22m [34mv4.0.3 [39m[90mC:/Users/Afrida/campaignwala-admin-panel-test1[39m

 [31mΓ¥»[39m tests/DummyForms.test.jsx [2m([22m[2m8 tests[22m[2m | [22m[31m6 failed[39m[2m)[22m[33m 1583[2mms[22m[39m
[31m       [31m├ù[31m should render all form elements correctly[39m[32m 226[2mms[22m[39m
[31m       [31m├ù[31m should allow user input[39m[32m 62[2mms[22m[39m
[31m       [31m├ù[31m should render all form elements correctly[39m[32m 56[2mms[22m[39m
[31m       [31m├ù[31m should allow user input[39m[32m 35[2mms[22m[39m
       [33m[2mΓ£ô[22m[39m should render the component correctly [33m 1016[2mms[22m[39m
[31m       [31m├ù[31m should render all form elements correctly[39m[32m 77[2mms[22m[39m
[31m       [31m├ù[31m should allow user input[39m[32m 86[2mms[22m[39m
       [32mΓ£ô[39m should render the welcome message[32m 21[2mms[22m[39m
 [31mΓ¥»[39m tests/Header.test.jsx [2m([22m[2m7 tests[22m[2m | [22m[31m2 failed[39m[2m)[22m[33m 1962[2mms[22m[39m
     [33m[2mΓ£ô[22m[39m should render the default title on the root path [33m 1079[2mms[22m[39m
     [33m[2mΓ£ô[22m[39m should render a dynamic title based on the path [33m 470[2mms[22m[39m
     [32mΓ£ô[39m should render a formatted title for multi-word paths[32m 226[2mms[22m[39m
     [32mΓ£ô[39m should call onThemeToggle when the theme button is clicked[32m 48[2mms[22m[39m
[31m     [31m├ù[31m should display the Moon icon in light mode[39m[32m 73[2mms[22m[39m
[31m     [31m├ù[31m should display the Sun icon in dark mode[39m[32m 21[2mms[22m[39m
     [32mΓ£ô[39m should render the ProfileMenu component[32m 33[2mms[22m[39m
 [31mΓ¥»[39m tests/AdminHeader.test.jsx [2m([22m[2m5 tests[22m[2m | [22m[31m3 failed[39m[2m)[22m[33m 669[2mms[22m[39m
     [33m[2mΓ£ô[22m[39m should render the title correctly [33m 417[2mms[22m[39m
     [32mΓ£ô[39m should call setSidebarOpen when the menu button is clicked[32m 70[2mms[22m[39m
[31m     [31m├ù[31m should call toggleTheme when the theme button is clicked[39m[32m 59[2mms[22m[39m
[31m     [31m├ù[31m should display the moon icon in light mode[39m[32m 77[2mms[22m[39m
[31m     [31m├ù[31m should display the sun icon in dark mode[39m[32m 37[2mms[22m[39m
 [31mΓ¥»[39m tests/ActivityFeed.test.jsx [2m([22m[2m4 tests[22m[2m | [22m[31m1 failed[39m[2m)[22m[32m 283[2mms[22m[39m
     [32mΓ£ô[39m should render the title and a list of activities correctly[32m 163[2mms[22m[39m
     [32mΓ£ô[39m should render only the title when the activity list is empty[32m 16[2mms[22m[39m
[31m     [31m├ù[31m should not crash and should render gracefully if a user is null or undefined[39m[32m 58[2mms[22m[39m
     [32mΓ£ô[39m should render gracefully if action or time is missing[32m 40[2mms[22m[39m
 [32mΓ£ô[39m tests/AdminSidebar.test.jsx [2m([22m[2m6 tests[22m[2m)[22m[33m 2703[2mms[22m[39m
     [33m[2mΓ£ô[22m[39m should highlight the active menu item with aria-current [33m 1605[2mms[22m[39m
     [33m[2mΓ£ô[22m[39m should call handleLogout when the logout button is clicked [33m 553[2mms[22m[39m
 [32mΓ£ô[39m tests/Modals.test.jsx [2m([22m[2m10 tests[22m[2m)[22m[33m 2331[2mms[22m[39m
       [33m[2mΓ£ô[22m[39m should render correctly when isOpen is true [33m 1090[2mms[22m[39m

[2m Test Files [22m [1m[31m4 failed[39m[22m[2m | [22m[1m[32m2 passed[39m[22m[90m (6)[39m
[2m      Tests [22m [1m[31m12 failed[39m[22m[2m | [22m[1m[32m28 passed[39m[22m[90m (40)[39m
[2m   Start at [22m 16:47:41
[2m   Duration [22m 36.57s[2m (transform 2.04s, setup 4.65s, collect 8.77s, tests 9.53s, environment 41.10s, prepare 597ms)[22m

[1m[41m FAIL [49m[22m [31mTests failed. Watching for file changes...[39m
       [2mpress [22m[1mh[22m[2m to show help[22m[2m, [22m[2mpress [22m[1mq[22m[2m to quit[22m
c[3J[1m[44m RERUN [49m[22m [34m[2mtests/ProductsTable.test.jsx [22m[34mx1 [34m[39m

 [31mΓ¥»[39m tests/DummyForms.test.jsx [2m([22m[2m8 tests[22m[2m | [22m[31m6 failed[39m[2m)[22m[33m 1583[2mms[22m[39m
[31m       [31m├ù[31m should render all form elements correctly[39m[32m 226[2mms[22m[39m
[31m       [31m├ù[31m should allow user input[39m[32m 62[2mms[22m[39m
[31m       [31m├ù[31m should render all form elements correctly[39m[32m 56[2mms[22m[39m
[31m       [31m├ù[31m should allow user input[39m[32m 35[2mms[22m[39m
       [33m[2mΓ£ô[22m[39m should render the component correctly [33m 1016[2mms[22m[39m
[31m       [31m├ù[31m should render all form elements correctly[39m[32m 77[2mms[22m[39m
[31m       [31m├ù[31m should allow user input[39m[32m 86[2mms[22m[39m
       [32mΓ£ô[39m should render the welcome message[32m 21[2mms[22m[39m
 [31mΓ¥»[39m tests/Header.test.jsx [2m([22m[2m7 tests[22m[2m | [22m[31m2 failed[39m[2m)[22m[33m 1962[2mms[22m[39m
     [33m[2mΓ£ô[22m[39m should render the default title on the root path [33m 1079[2mms[22m[39m
     [33m[2mΓ£ô[22m[39m should render a dynamic title based on the path [33m 470[2mms[22m[39m
     [32mΓ£ô[39m should render a formatted title for multi-word paths[32m 226[2mms[22m[39m
     [32mΓ£ô[39m should call onThemeToggle when the theme button is clicked[32m 48[2mms[22m[39m
[31m     [31m├ù[31m should display the Moon icon in light mode[39m[32m 73[2mms[22m[39m
[31m     [31m├ù[31m should display the Sun icon in dark mode[39m[32m 21[2mms[22m[39m
     [32mΓ£ô[39m should render the ProfileMenu component[32m 33[2mms[22m[39m
 [31mΓ¥»[39m tests/AdminHeader.test.jsx [2m([22m[2m5 tests[22m[2m | [22m[31m3 failed[39m[2m)[22m[33m 669[2mms[22m[39m
     [33m[2mΓ£ô[22m[39m should render the title correctly [33m 417[2mms[22m[39m
     [32mΓ£ô[39m should call setSidebarOpen when the menu button is clicked[32m 70[2mms[22m[39m
[31m     [31m├ù[31m should call toggleTheme when the theme button is clicked[39m[32m 59[2mms[22m[39m
[31m     [31m├ù[31m should display the moon icon in light mode[39m[32m 77[2mms[22m[39m
[31m     [31m├ù[31m should display the sun icon in dark mode[39m[32m 37[2mms[22m[39m
 [31mΓ¥»[39m tests/ActivityFeed.test.jsx [2m([22m[2m4 tests[22m[2m | [22m[31m1 failed[39m[2m)[22m[32m 283[2mms[22m[39m
     [32mΓ£ô[39m should render the title and a list of activities correctly[32m 163[2mms[22m[39m
     [32mΓ£ô[39m should render only the title when the activity list is empty[32m 16[2mms[22m[39m
[31m     [31m├ù[31m should not crash and should render gracefully if a user is null or undefined[39m[32m 58[2mms[22m[39m
     [32mΓ£ô[39m should render gracefully if action or time is missing[32m 40[2mms[22m[39m
 [32mΓ£ô[39m tests/ProductsTable.test.jsx [2m([22m[2m5 tests[22m[2m)[22m[33m 6684[2mms[22m[39m
     [33m[2mΓ£ô[22m[39m should render the table with title, toolbar, and correct headers [33m 3372[2mms[22m[39m
     [33m[2mΓ£ô[22m[39m should render the correct number of rows based on mock data [33m 334[2mms[22m[39m
     [33m[2mΓ£ô[22m[39m should display data correctly in a table row [33m 1311[2mms[22m[39m
     [33m[2mΓ£ô[22m[39m should call the export alert when the export button is clicked [33m 1233[2mms[22m[39m
     [33m[2mΓ£ô[22m[39m should have clickable action buttons in each row [33m 415[2mms[22m[39m

[2m Test Files [22m [1m[31m4 failed[39m[22m[2m | [22m[1m[32m1 passed[39m[22m[90m (5)[39m
[2m      Tests [22m [1m[31m12 failed[39m[22m[2m | [22m[1m[32m17 passed[39m[22m[90m (29)[39m
[2m   Start at [22m 16:48:43
[2m   Duration [22m 8.66s

[1m[42m PASS [49m[22m [32mWaiting for file changes...[39m
       [2mpress [22m[1mh[22m[2m to show help[22m[2m, [22m[2mpress [22m[1mq[22m[2m to quit[22m
c[3J[1m[44m RERUN [49m[22m [34m[2mtests/ProfileMenu.test.jsx [22m[34mx1 [34m[39m

 [31mΓ¥»[39m tests/DummyForms.test.jsx [2m([22m[2m8 tests[22m[2m | [22m[31m6 failed[39m[2m)[22m[33m 1583[2mms[22m[39m
[31m       [31m├ù[31m should render all form elements correctly[39m[32m 226[2mms[22m[39m
[31m       [31m├ù[31m should allow user input[39m[32m 62[2mms[22m[39m
[31m       [31m├ù[31m should render all form elements correctly[39m[32m 56[2mms[22m[39m
[31m       [31m├ù[31m should allow user input[39m[32m 35[2mms[22m[39m
       [33m[2mΓ£ô[22m[39m should render the component correctly [33m 1016[2mms[22m[39m
[31m       [31m├ù[31m should render all form elements correctly[39m[32m 77[2mms[22m[39m
[31m       [31m├ù[31m should allow user input[39m[32m 86[2mms[22m[39m
       [32mΓ£ô[39m should render the welcome message[32m 21[2mms[22m[39m
 [31mΓ¥»[39m tests/Header.test.jsx [2m([22m[2m7 tests[22m[2m | [22m[31m2 failed[39m[2m)[22m[33m 1962[2mms[22m[39m
     [33m[2mΓ£ô[22m[39m should render the default title on the root path [33m 1079[2mms[22m[39m
     [33m[2mΓ£ô[22m[39m should render a dynamic title based on the path [33m 470[2mms[22m[39m
     [32mΓ£ô[39m should render a formatted title for multi-word paths[32m 226[2mms[22m[39m
     [32mΓ£ô[39m should call onThemeToggle when the theme button is clicked[32m 48[2mms[22m[39m
[31m     [31m├ù[31m should display the Moon icon in light mode[39m[32m 73[2mms[22m[39m
[31m     [31m├ù[31m should display the Sun icon in dark mode[39m[32m 21[2mms[22m[39m
     [32mΓ£ô[39m should render the ProfileMenu component[32m 33[2mms[22m[39m
 [31mΓ¥»[39m tests/AdminHeader.test.jsx [2m([22m[2m5 tests[22m[2m | [22m[31m3 failed[39m[2m)[22m[33m 669[2mms[22m[39m
     [33m[2mΓ£ô[22m[39m should render the title correctly [33m 417[2mms[22m[39m
     [32mΓ£ô[39m should call setSidebarOpen when the menu button is clicked[32m 70[2mms[22m[39m
[31m     [31m├ù[31m should call toggleTheme when the theme button is clicked[39m[32m 59[2mms[22m[39m
[31m     [31m├ù[31m should display the moon icon in light mode[39m[32m 77[2mms[22m[39m
[31m     [31m├ù[31m should display the sun icon in dark mode[39m[32m 37[2mms[22m[39m
 [31mΓ¥»[39m tests/ActivityFeed.test.jsx [2m([22m[2m4 tests[22m[2m | [22m[31m1 failed[39m[2m)[22m[32m 283[2mms[22m[39m
     [32mΓ£ô[39m should render the title and a list of activities correctly[32m 163[2mms[22m[39m
     [32mΓ£ô[39m should render only the title when the activity list is empty[32m 16[2mms[22m[39m
[31m     [31m├ù[31m should not crash and should render gracefully if a user is null or undefined[39m[32m 58[2mms[22m[39m
     [32mΓ£ô[39m should render gracefully if action or time is missing[32m 40[2mms[22m[39m
 [32mΓ£ô[39m tests/ProfileMenu.test.jsx [2m([22m[2m4 tests[22m[2m)[22m[33m 4585[2mms[22m[39m
     [33m[2mΓ£ô[22m[39m should toggle the menu on button click [33m 1644[2mms[22m[39m
     [33m[2mΓ£ô[22m[39m should close the menu when clicking outside [33m 514[2mms[22m[39m
     [33m[2mΓ£ô[22m[39m should call handleLogout and navigate on logout button click [33m 2038[2mms[22m[39m

[2m Test Files [22m [1m[31m4 failed[39m[22m[2m | [22m[1m[32m1 passed[39m[22m[90m (5)[39m
[2m      Tests [22m [1m[31m12 failed[39m[22m[2m | [22m[1m[32m16 passed[39m[22m[90m (28)[39m
[2m   Start at [22m 16:52:08
[2m   Duration [22m 8.83s

[1m[42m PASS [49m[22m [32mWaiting for file changes...[39m
       [2mpress [22m[1mh[22m[2m to show help[22m[2m, [22m[2mpress [22m[1mq[22m[2m to quit[22m
c[3J[1m[44m RERUN [49m[22m [34m[2mtests/Sidebar.test.jsx [22m[34mx1 [34m[39m

 [31mΓ¥»[39m tests/DummyForms.test.jsx [2m([22m[2m8 tests[22m[2m | [22m[31m6 failed[39m[2m)[22m[33m 1583[2mms[22m[39m
[31m       [31m├ù[31m should render all form elements correctly[39m[32m 226[2mms[22m[39m
[31m       [31m├ù[31m should allow user input[39m[32m 62[2mms[22m[39m
[31m       [31m├ù[31m should render all form elements correctly[39m[32m 56[2mms[22m[39m
[31m       [31m├ù[31m should allow user input[39m[32m 35[2mms[22m[39m
       [33m[2mΓ£ô[22m[39m should render the component correctly [33m 1016[2mms[22m[39m
[31m       [31m├ù[31m should render all form elements correctly[39m[32m 77[2mms[22m[39m
[31m       [31m├ù[31m should allow user input[39m[32m 86[2mms[22m[39m
       [32mΓ£ô[39m should render the welcome message[32m 21[2mms[22m[39m
 [31mΓ¥»[39m tests/Header.test.jsx [2m([22m[2m7 tests[22m[2m | [22m[31m2 failed[39m[2m)[22m[33m 1962[2mms[22m[39m
     [33m[2mΓ£ô[22m[39m should render the default title on the root path [33m 1079[2mms[22m[39m
     [33m[2mΓ£ô[22m[39m should render a dynamic title based on the path [33m 470[2mms[22m[39m
     [32mΓ£ô[39m should render a formatted title for multi-word paths[32m 226[2mms[22m[39m
     [32mΓ£ô[39m should call onThemeToggle when the theme button is clicked[32m 48[2mms[22m[39m
[31m     [31m├ù[31m should display the Moon icon in light mode[39m[32m 73[2mms[22m[39m
[31m     [31m├ù[31m should display the Sun icon in dark mode[39m[32m 21[2mms[22m[39m
     [32mΓ£ô[39m should render the ProfileMenu component[32m 33[2mms[22m[39m
 [31mΓ¥»[39m tests/AdminHeader.test.jsx [2m([22m[2m5 tests[22m[2m | [22m[31m3 failed[39m[2m)[22m[33m 669[2mms[22m[39m
     [33m[2mΓ£ô[22m[39m should render the title correctly [33m 417[2mms[22m[39m
     [32mΓ£ô[39m should call setSidebarOpen when the menu button is clicked[32m 70[2mms[22m[39m
[31m     [31m├ù[31m should call toggleTheme when the theme button is clicked[39m[32m 59[2mms[22m[39m
[31m     [31m├ù[31m should display the moon icon in light mode[39m[32m 77[2mms[22m[39m
[31m     [31m├ù[31m should display the sun icon in dark mode[39m[32m 37[2mms[22m[39m
 [31mΓ¥»[39m tests/ActivityFeed.test.jsx [2m([22m[2m4 tests[22m[2m | [22m[31m1 failed[39m[2m)[22m[32m 283[2mms[22m[39m
     [32mΓ£ô[39m should render the title and a list of activities correctly[32m 163[2mms[22m[39m
     [32mΓ£ô[39m should render only the title when the activity list is empty[32m 16[2mms[22m[39m
[31m     [31m├ù[31m should not crash and should render gracefully if a user is null or undefined[39m[32m 58[2mms[22m[39m
     [32mΓ£ô[39m should render gracefully if action or time is missing[32m 40[2mms[22m[39m
 [32mΓ£ô[39m tests/Sidebar.test.jsx [2m([22m[2m6 tests[22m[2m)[22m[33m 6924[2mms[22m[39m
     [33m[2mΓ£ô[22m[39m should render the logo and main menu items [33m 373[2mms[22m[39m
     [33m[2mΓ£ô[22m[39m should toggle a submenu on click [33m 4224[2mms[22m[39m
     [33m[2mΓ£ô[22m[39m should highlight the active link for direct navigation [33m 943[2mms[22m[39m
     [33m[2mΓ£ô[22m[39m should highlight the active submenu link and auto-expand the parent [33m 626[2mms[22m[39m
     [33m[2mΓ£ô[22m[39m should close the sidebar when a link is clicked on small screens [33m 502[2mms[22m[39m

[2m Test Files [22m [1m[31m4 failed[39m[22m[2m | [22m[1m[32m1 passed[39m[22m[90m (5)[39m
[2m      Tests [22m [1m[31m12 failed[39m[22m[2m | [22m[1m[32m18 passed[39m[22m[90m (30)[39m
[2m   Start at [22m 16:54:22
[2m   Duration [22m 12.24s

[1m[42m PASS [49m[22m [32mWaiting for file changes...[39m
       [2mpress [22m[1mh[22m[2m to show help[22m[2m, [22m[2mpress [22m[1mq[22m[2m to quit[22m
c[3J[1m[44m RERUN [49m[22m [34m[2mtests/StatsCard.test.jsx [22m[34mx1 [34m[39m

 [31mΓ¥»[39m tests/DummyForms.test.jsx [2m([22m[2m8 tests[22m[2m | [22m[31m6 failed[39m[2m)[22m[33m 1583[2mms[22m[39m
[31m       [31m├ù[31m should render all form elements correctly[39m[32m 226[2mms[22m[39m
[31m       [31m├ù[31m should allow user input[39m[32m 62[2mms[22m[39m
[31m       [31m├ù[31m should render all form elements correctly[39m[32m 56[2mms[22m[39m
[31m       [31m├ù[31m should allow user input[39m[32m 35[2mms[22m[39m
       [33m[2mΓ£ô[22m[39m should render the component correctly [33m 1016[2mms[22m[39m
[31m       [31m├ù[31m should render all form elements correctly[39m[32m 77[2mms[22m[39m
[31m       [31m├ù[31m should allow user input[39m[32m 86[2mms[22m[39m
       [32mΓ£ô[39m should render the welcome message[32m 21[2mms[22m[39m
 [31mΓ¥»[39m tests/Header.test.jsx [2m([22m[2m7 tests[22m[2m | [22m[31m2 failed[39m[2m)[22m[33m 1962[2mms[22m[39m
     [33m[2mΓ£ô[22m[39m should render the default title on the root path [33m 1079[2mms[22m[39m
     [33m[2mΓ£ô[22m[39m should render a dynamic title based on the path [33m 470[2mms[22m[39m
     [32mΓ£ô[39m should render a formatted title for multi-word paths[32m 226[2mms[22m[39m
     [32mΓ£ô[39m should call onThemeToggle when the theme button is clicked[32m 48[2mms[22m[39m
[31m     [31m├ù[31m should display the Moon icon in light mode[39m[32m 73[2mms[22m[39m
[31m     [31m├ù[31m should display the Sun icon in dark mode[39m[32m 21[2mms[22m[39m
     [32mΓ£ô[39m should render the ProfileMenu component[32m 33[2mms[22m[39m
 [31mΓ¥»[39m tests/AdminHeader.test.jsx [2m([22m[2m5 tests[22m[2m | [22m[31m3 failed[39m[2m)[22m[33m 669[2mms[22m[39m
     [33m[2mΓ£ô[22m[39m should render the title correctly [33m 417[2mms[22m[39m
     [32mΓ£ô[39m should call setSidebarOpen when the menu button is clicked[32m 70[2mms[22m[39m
[31m     [31m├ù[31m should call toggleTheme when the theme button is clicked[39m[32m 59[2mms[22m[39m
[31m     [31m├ù[31m should display the moon icon in light mode[39m[32m 77[2mms[22m[39m
[31m     [31m├ù[31m should display the sun icon in dark mode[39m[32m 37[2mms[22m[39m
 [31mΓ¥»[39m tests/ActivityFeed.test.jsx [2m([22m[2m4 tests[22m[2m | [22m[31m1 failed[39m[2m)[22m[32m 283[2mms[22m[39m
     [32mΓ£ô[39m should render the title and a list of activities correctly[32m 163[2mms[22m[39m
     [32mΓ£ô[39m should render only the title when the activity list is empty[32m 16[2mms[22m[39m
[31m     [31m├ù[31m should not crash and should render gracefully if a user is null or undefined[39m[32m 58[2mms[22m[39m
     [32mΓ£ô[39m should render gracefully if action or time is missing[32m 40[2mms[22m[39m
 [32mΓ£ô[39m tests/StatsCard.test.jsx [2m([22m[2m3 tests[22m[2m)[22m[32m 288[2mms[22m[39m

[2m Test Files [22m [1m[31m4 failed[39m[22m[2m | [22m[1m[32m1 passed[39m[22m[90m (5)[39m
[2m      Tests [22m [1m[31m12 failed[39m[22m[2m | [22m[1m[32m15 passed[39m[22m[90m (27)[39m
[2m   Start at [22m 16:57:08
[2m   Duration [22m 4.82s

[1m[42m PASS [49m[22m [32mWaiting for file changes...[39m
       [2mpress [22m[1mh[22m[2m to show help[22m[2m, [22m[2mpress [22m[1mq[22m[2m to quit[22m
